Archive member included because of file (symbol)

c:/freescale/kds_3.0.0/toolchain/bin/../lib/gcc/arm-none-eabi/4.8.4/../../../../arm-none-eabi/lib/armv7e-m\libg_s.a(lib_a-exit.o)
                              c:/freescale/kds_3.0.0/toolchain/bin/../lib/gcc/arm-none-eabi/4.8.4/../../../../arm-none-eabi/lib/armv7e-m/crt0.o (exit)
c:/freescale/kds_3.0.0/toolchain/bin/../lib/gcc/arm-none-eabi/4.8.4/../../../../arm-none-eabi/lib/armv7e-m\libg_s.a(lib_a-impure.o)
                              c:/freescale/kds_3.0.0/toolchain/bin/../lib/gcc/arm-none-eabi/4.8.4/../../../../arm-none-eabi/lib/armv7e-m\libg_s.a(lib_a-exit.o) (_global_impure_ptr)
c:/freescale/kds_3.0.0/toolchain/bin/../lib/gcc/arm-none-eabi/4.8.4/../../../../arm-none-eabi/lib/armv7e-m\libg_s.a(lib_a-init.o)
                              c:/freescale/kds_3.0.0/toolchain/bin/../lib/gcc/arm-none-eabi/4.8.4/../../../../arm-none-eabi/lib/armv7e-m/crt0.o (__libc_init_array)
c:/freescale/kds_3.0.0/toolchain/bin/../lib/gcc/arm-none-eabi/4.8.4/../../../../arm-none-eabi/lib/armv7e-m\libg_s.a(lib_a-memset.o)
                              c:/freescale/kds_3.0.0/toolchain/bin/../lib/gcc/arm-none-eabi/4.8.4/../../../../arm-none-eabi/lib/armv7e-m/crt0.o (memset)
c:/freescale/kds_3.0.0/toolchain/bin/../lib/gcc/arm-none-eabi/4.8.4/../../../../arm-none-eabi/lib/armv7e-m\libg_s.a(lib_a-rand.o)
                              ./Sources/snake.o (rand)
c:/freescale/kds_3.0.0/toolchain/bin/../lib/gcc/arm-none-eabi/4.8.4/../../../../arm-none-eabi/lib/armv7e-m\libg_s.a(lib_a-malloc.o)
                              c:/freescale/kds_3.0.0/toolchain/bin/../lib/gcc/arm-none-eabi/4.8.4/../../../../arm-none-eabi/lib/armv7e-m\libg_s.a(lib_a-rand.o) (malloc)
c:/freescale/kds_3.0.0/toolchain/bin/../lib/gcc/arm-none-eabi/4.8.4/../../../../arm-none-eabi/lib/armv7e-m\libg_s.a(lib_a-nano-freer.o)
                              c:/freescale/kds_3.0.0/toolchain/bin/../lib/gcc/arm-none-eabi/4.8.4/../../../../arm-none-eabi/lib/armv7e-m\libg_s.a(lib_a-malloc.o) (_free_r)
c:/freescale/kds_3.0.0/toolchain/bin/../lib/gcc/arm-none-eabi/4.8.4/../../../../arm-none-eabi/lib/armv7e-m\libg_s.a(lib_a-nano-mallocr.o)
                              c:/freescale/kds_3.0.0/toolchain/bin/../lib/gcc/arm-none-eabi/4.8.4/../../../../arm-none-eabi/lib/armv7e-m\libg_s.a(lib_a-malloc.o) (_malloc_r)
c:/freescale/kds_3.0.0/toolchain/bin/../lib/gcc/arm-none-eabi/4.8.4/../../../../arm-none-eabi/lib/armv7e-m\libg_s.a(lib_a-sbrkr.o)
                              c:/freescale/kds_3.0.0/toolchain/bin/../lib/gcc/arm-none-eabi/4.8.4/../../../../arm-none-eabi/lib/armv7e-m\libg_s.a(lib_a-nano-mallocr.o) (_sbrk_r)
c:/freescale/kds_3.0.0/toolchain/bin/../lib/gcc/arm-none-eabi/4.8.4/../../../../arm-none-eabi/lib/armv7e-m\libg_s.a(lib_a-reent.o)
                              c:/freescale/kds_3.0.0/toolchain/bin/../lib/gcc/arm-none-eabi/4.8.4/../../../../arm-none-eabi/lib/armv7e-m\libg_s.a(lib_a-sbrkr.o) (errno)
c:/freescale/kds_3.0.0/toolchain/bin/../lib/gcc/arm-none-eabi/4.8.4/../../../../arm-none-eabi/lib/armv7e-m\libnosys.a(sbrk.o)
                              c:/freescale/kds_3.0.0/toolchain/bin/../lib/gcc/arm-none-eabi/4.8.4/../../../../arm-none-eabi/lib/armv7e-m\libg_s.a(lib_a-sbrkr.o) (_sbrk)
c:/freescale/kds_3.0.0/toolchain/bin/../lib/gcc/arm-none-eabi/4.8.4/../../../../arm-none-eabi/lib/armv7e-m\libnosys.a(_exit.o)
                              c:/freescale/kds_3.0.0/toolchain/bin/../lib/gcc/arm-none-eabi/4.8.4/../../../../arm-none-eabi/lib/armv7e-m\libg_s.a(lib_a-exit.o) (_exit)

Allocating common symbols
Common symbol       size              file

errno               0x4               c:/freescale/kds_3.0.0/toolchain/bin/../lib/gcc/arm-none-eabi/4.8.4/../../../../arm-none-eabi/lib/armv7e-m\libg_s.a(lib_a-reent.o)
sgame               0x90              ./Sources/main.o

Discarded input sections

 .text          0x00000000        0x0 c:/freescale/kds_3.0.0/toolchain/bin/../lib/gcc/arm-none-eabi/4.8.4/armv7e-m/crti.o
 .data          0x00000000        0x0 c:/freescale/kds_3.0.0/toolchain/bin/../lib/gcc/arm-none-eabi/4.8.4/armv7e-m/crti.o
 .bss           0x00000000        0x0 c:/freescale/kds_3.0.0/toolchain/bin/../lib/gcc/arm-none-eabi/4.8.4/armv7e-m/crti.o
 .data          0x00000000        0x4 c:/freescale/kds_3.0.0/toolchain/bin/../lib/gcc/arm-none-eabi/4.8.4/armv7e-m/crtbegin.o
 .data          0x00000000        0x0 c:/freescale/kds_3.0.0/toolchain/bin/../lib/gcc/arm-none-eabi/4.8.4/../../../../arm-none-eabi/lib/armv7e-m/crt0.o
 .bss           0x00000000        0x0 c:/freescale/kds_3.0.0/toolchain/bin/../lib/gcc/arm-none-eabi/4.8.4/../../../../arm-none-eabi/lib/armv7e-m/crt0.o
 .ARM.extab     0x00000000        0x0 c:/freescale/kds_3.0.0/toolchain/bin/../lib/gcc/arm-none-eabi/4.8.4/../../../../arm-none-eabi/lib/armv7e-m/crt0.o
 .group         0x00000000        0x8 ./Sources/main.o
 .group         0x00000000        0x8 ./Sources/main.o
 .group         0x00000000        0x8 ./Sources/main.o
 .group         0x00000000        0x8 ./Sources/main.o
 .group         0x00000000        0x8 ./Sources/main.o
 .group         0x00000000        0x8 ./Sources/main.o
 .group         0x00000000        0x8 ./Sources/main.o
 .group         0x00000000        0x8 ./Sources/main.o
 .group         0x00000000        0x8 ./Sources/main.o
 .group         0x00000000        0x8 ./Sources/main.o
 .group         0x00000000        0x8 ./Sources/main.o
 .group         0x00000000        0x8 ./Sources/main.o
 .group         0x00000000        0x8 ./Sources/main.o
 .group         0x00000000        0x8 ./Sources/main.o
 .group         0x00000000        0x8 ./Sources/main.o
 .group         0x00000000        0x8 ./Sources/main.o
 .group         0x00000000        0x8 ./Sources/main.o
 .group         0x00000000        0x8 ./Sources/main.o
 .group         0x00000000        0x8 ./Sources/main.o
 .group         0x00000000        0x8 ./Sources/main.o
 .group         0x00000000        0x8 ./Sources/main.o
 .group         0x00000000        0x8 ./Sources/main.o
 .group         0x00000000        0x8 ./Sources/main.o
 .group         0x00000000        0x8 ./Sources/main.o
 .group         0x00000000        0x8 ./Sources/main.o
 .group         0x00000000        0x8 ./Sources/main.o
 .group         0x00000000        0x8 ./Sources/main.o
 .group         0x00000000        0x8 ./Sources/main.o
 .group         0x00000000        0x8 ./Sources/main.o
 .group         0x00000000        0x8 ./Sources/main.o
 .group         0x00000000        0x8 ./Sources/main.o
 .group         0x00000000        0x8 ./Sources/main.o
 .text          0x00000000        0x0 ./Sources/main.o
 .data          0x00000000        0x0 ./Sources/main.o
 .bss           0x00000000        0x0 ./Sources/main.o
 .group         0x00000000        0x8 ./Sources/snake.o
 .group         0x00000000        0x8 ./Sources/snake.o
 .group         0x00000000        0x8 ./Sources/snake.o
 .group         0x00000000        0x8 ./Sources/snake.o
 .group         0x00000000        0x8 ./Sources/snake.o
 .group         0x00000000        0x8 ./Sources/snake.o
 .group         0x00000000        0x8 ./Sources/snake.o
 .group         0x00000000        0x8 ./Sources/snake.o
 .group         0x00000000        0x8 ./Sources/snake.o
 .group         0x00000000        0x8 ./Sources/snake.o
 .group         0x00000000        0x8 ./Sources/snake.o
 .group         0x00000000        0x8 ./Sources/snake.o
 .group         0x00000000        0x8 ./Sources/snake.o
 .group         0x00000000        0x8 ./Sources/snake.o
 .group         0x00000000        0x8 ./Sources/snake.o
 .group         0x00000000        0x8 ./Sources/snake.o
 .group         0x00000000        0x8 ./Sources/snake.o
 .group         0x00000000        0x8 ./Sources/snake.o
 .group         0x00000000        0x8 ./Sources/snake.o
 .group         0x00000000        0x8 ./Sources/snake.o
 .group         0x00000000        0x8 ./Sources/snake.o
 .group         0x00000000        0x8 ./Sources/snake.o
 .group         0x00000000        0x8 ./Sources/snake.o
 .text          0x00000000        0x0 ./Sources/snake.o
 .data          0x00000000        0x0 ./Sources/snake.o
 .bss           0x00000000        0x0 ./Sources/snake.o
 .debug_macro   0x00000000      0x84a ./Sources/snake.o
 .debug_macro   0x00000000       0x58 ./Sources/snake.o
 .debug_macro   0x00000000       0x16 ./Sources/snake.o
 .debug_macro   0x00000000       0x35 ./Sources/snake.o
 .debug_macro   0x00000000       0xa3 ./Sources/snake.o
 .debug_macro   0x00000000       0x16 ./Sources/snake.o
 .debug_macro   0x00000000       0x97 ./Sources/snake.o
 .debug_macro   0x00000000       0x10 ./Sources/snake.o
 .debug_macro   0x00000000       0xef ./Sources/snake.o
 .debug_macro   0x00000000       0x52 ./Sources/snake.o
 .debug_macro   0x00000000       0x16 ./Sources/snake.o
 .debug_macro   0x00000000       0x43 ./Sources/snake.o
 .debug_macro   0x00000000      0x180 ./Sources/snake.o
 .debug_macro   0x00000000       0x10 ./Sources/snake.o
 .debug_macro   0x00000000       0x22 ./Sources/snake.o
 .debug_macro   0x00000000       0xbd ./Sources/snake.o
 .debug_macro   0x00000000       0x16 ./Sources/snake.o
 .debug_macro   0x00000000      0x14a ./Sources/snake.o
 .debug_macro   0x00000000       0x16 ./Sources/snake.o
 .debug_macro   0x00000000       0x35 ./Sources/snake.o
 .debug_macro   0x00000000       0x22 ./Sources/snake.o
 .debug_macro   0x00000000       0x22 ./Sources/snake.o
 .data          0x00000000        0x0 ./Project_Settings/Startup_Code/startup_MK60D10.o
 .bss           0x00000000        0x0 ./Project_Settings/Startup_Code/startup_MK60D10.o
 .group         0x00000000        0x8 ./Project_Settings/Startup_Code/system_MK60D10.o
 .group         0x00000000        0x8 ./Project_Settings/Startup_Code/system_MK60D10.o
 .group         0x00000000        0x8 ./Project_Settings/Startup_Code/system_MK60D10.o
 .group         0x00000000        0x8 ./Project_Settings/Startup_Code/system_MK60D10.o
 .group         0x00000000        0x8 ./Project_Settings/Startup_Code/system_MK60D10.o
 .group         0x00000000        0x8 ./Project_Settings/Startup_Code/system_MK60D10.o
 .group         0x00000000        0x8 ./Project_Settings/Startup_Code/system_MK60D10.o
 .group         0x00000000        0x8 ./Project_Settings/Startup_Code/system_MK60D10.o
 .group         0x00000000        0x8 ./Project_Settings/Startup_Code/system_MK60D10.o
 .group         0x00000000        0x8 ./Project_Settings/Startup_Code/system_MK60D10.o
 .group         0x00000000        0x8 ./Project_Settings/Startup_Code/system_MK60D10.o
 .text          0x00000000        0x0 ./Project_Settings/Startup_Code/system_MK60D10.o
 .data          0x00000000        0x0 ./Project_Settings/Startup_Code/system_MK60D10.o
 .bss           0x00000000        0x0 ./Project_Settings/Startup_Code/system_MK60D10.o
 .data.SystemCoreClock
                0x00000000        0x4 ./Project_Settings/Startup_Code/system_MK60D10.o
 .text.SystemCoreClockUpdate
                0x00000000      0x250 ./Project_Settings/Startup_Code/system_MK60D10.o
 .debug_macro   0x00000000      0x84a ./Project_Settings/Startup_Code/system_MK60D10.o
 .debug_macro   0x00000000       0x16 ./Project_Settings/Startup_Code/system_MK60D10.o
 .debug_macro   0x00000000       0x44 ./Project_Settings/Startup_Code/system_MK60D10.o
 .debug_macro   0x00000000      0x209 ./Project_Settings/Startup_Code/system_MK60D10.o
 .debug_macro   0x00000000       0x3b ./Project_Settings/Startup_Code/system_MK60D10.o
 .debug_macro   0x00000000       0x2d ./Project_Settings/Startup_Code/system_MK60D10.o
 .debug_macro   0x00000000       0x26 ./Project_Settings/Startup_Code/system_MK60D10.o
 .debug_macro   0x00000000      0xa99 ./Project_Settings/Startup_Code/system_MK60D10.o
 .debug_macro   0x00000000       0x71 ./Project_Settings/Startup_Code/system_MK60D10.o
 .debug_macro   0x00000000    0x17cf8 ./Project_Settings/Startup_Code/system_MK60D10.o
 .text          0x00000000        0x0 c:/freescale/kds_3.0.0/toolchain/bin/../lib/gcc/arm-none-eabi/4.8.4/../../../../arm-none-eabi/lib/armv7e-m\libg_s.a(lib_a-exit.o)
 .data          0x00000000        0x0 c:/freescale/kds_3.0.0/toolchain/bin/../lib/gcc/arm-none-eabi/4.8.4/../../../../arm-none-eabi/lib/armv7e-m\libg_s.a(lib_a-exit.o)
 .bss           0x00000000        0x0 c:/freescale/kds_3.0.0/toolchain/bin/../lib/gcc/arm-none-eabi/4.8.4/../../../../arm-none-eabi/lib/armv7e-m\libg_s.a(lib_a-exit.o)
 .text          0x00000000        0x0 c:/freescale/kds_3.0.0/toolchain/bin/../lib/gcc/arm-none-eabi/4.8.4/../../../../arm-none-eabi/lib/armv7e-m\libg_s.a(lib_a-impure.o)
 .data          0x00000000        0x0 c:/freescale/kds_3.0.0/toolchain/bin/../lib/gcc/arm-none-eabi/4.8.4/../../../../arm-none-eabi/lib/armv7e-m\libg_s.a(lib_a-impure.o)
 .bss           0x00000000        0x0 c:/freescale/kds_3.0.0/toolchain/bin/../lib/gcc/arm-none-eabi/4.8.4/../../../../arm-none-eabi/lib/armv7e-m\libg_s.a(lib_a-impure.o)
 .text          0x00000000        0x0 c:/freescale/kds_3.0.0/toolchain/bin/../lib/gcc/arm-none-eabi/4.8.4/../../../../arm-none-eabi/lib/armv7e-m\libg_s.a(lib_a-init.o)
 .data          0x00000000        0x0 c:/freescale/kds_3.0.0/toolchain/bin/../lib/gcc/arm-none-eabi/4.8.4/../../../../arm-none-eabi/lib/armv7e-m\libg_s.a(lib_a-init.o)
 .bss           0x00000000        0x0 c:/freescale/kds_3.0.0/toolchain/bin/../lib/gcc/arm-none-eabi/4.8.4/../../../../arm-none-eabi/lib/armv7e-m\libg_s.a(lib_a-init.o)
 .text          0x00000000        0x0 c:/freescale/kds_3.0.0/toolchain/bin/../lib/gcc/arm-none-eabi/4.8.4/../../../../arm-none-eabi/lib/armv7e-m\libg_s.a(lib_a-memset.o)
 .data          0x00000000        0x0 c:/freescale/kds_3.0.0/toolchain/bin/../lib/gcc/arm-none-eabi/4.8.4/../../../../arm-none-eabi/lib/armv7e-m\libg_s.a(lib_a-memset.o)
 .bss           0x00000000        0x0 c:/freescale/kds_3.0.0/toolchain/bin/../lib/gcc/arm-none-eabi/4.8.4/../../../../arm-none-eabi/lib/armv7e-m\libg_s.a(lib_a-memset.o)
 .text          0x00000000        0x0 c:/freescale/kds_3.0.0/toolchain/bin/../lib/gcc/arm-none-eabi/4.8.4/../../../../arm-none-eabi/lib/armv7e-m\libg_s.a(lib_a-rand.o)
 .data          0x00000000        0x0 c:/freescale/kds_3.0.0/toolchain/bin/../lib/gcc/arm-none-eabi/4.8.4/../../../../arm-none-eabi/lib/armv7e-m\libg_s.a(lib_a-rand.o)
 .bss           0x00000000        0x0 c:/freescale/kds_3.0.0/toolchain/bin/../lib/gcc/arm-none-eabi/4.8.4/../../../../arm-none-eabi/lib/armv7e-m\libg_s.a(lib_a-rand.o)
 .text.srand    0x00000000       0x54 c:/freescale/kds_3.0.0/toolchain/bin/../lib/gcc/arm-none-eabi/4.8.4/../../../../arm-none-eabi/lib/armv7e-m\libg_s.a(lib_a-rand.o)
 .text          0x00000000        0x0 c:/freescale/kds_3.0.0/toolchain/bin/../lib/gcc/arm-none-eabi/4.8.4/../../../../arm-none-eabi/lib/armv7e-m\libg_s.a(lib_a-malloc.o)
 .data          0x00000000        0x0 c:/freescale/kds_3.0.0/toolchain/bin/../lib/gcc/arm-none-eabi/4.8.4/../../../../arm-none-eabi/lib/armv7e-m\libg_s.a(lib_a-malloc.o)
 .bss           0x00000000        0x0 c:/freescale/kds_3.0.0/toolchain/bin/../lib/gcc/arm-none-eabi/4.8.4/../../../../arm-none-eabi/lib/armv7e-m\libg_s.a(lib_a-malloc.o)
 .text.free     0x00000000       0x10 c:/freescale/kds_3.0.0/toolchain/bin/../lib/gcc/arm-none-eabi/4.8.4/../../../../arm-none-eabi/lib/armv7e-m\libg_s.a(lib_a-malloc.o)
 .text          0x00000000        0x0 c:/freescale/kds_3.0.0/toolchain/bin/../lib/gcc/arm-none-eabi/4.8.4/../../../../arm-none-eabi/lib/armv7e-m\libg_s.a(lib_a-nano-freer.o)
 .data          0x00000000        0x0 c:/freescale/kds_3.0.0/toolchain/bin/../lib/gcc/arm-none-eabi/4.8.4/../../../../arm-none-eabi/lib/armv7e-m\libg_s.a(lib_a-nano-freer.o)
 .bss           0x00000000        0x0 c:/freescale/kds_3.0.0/toolchain/bin/../lib/gcc/arm-none-eabi/4.8.4/../../../../arm-none-eabi/lib/armv7e-m\libg_s.a(lib_a-nano-freer.o)
 .text._free_r  0x00000000       0x88 c:/freescale/kds_3.0.0/toolchain/bin/../lib/gcc/arm-none-eabi/4.8.4/../../../../arm-none-eabi/lib/armv7e-m\libg_s.a(lib_a-nano-freer.o)
 .ARM.attributes
                0x00000000       0x2e c:/freescale/kds_3.0.0/toolchain/bin/../lib/gcc/arm-none-eabi/4.8.4/../../../../arm-none-eabi/lib/armv7e-m\libg_s.a(lib_a-nano-freer.o)
 .debug_frame   0x00000000       0x2c c:/freescale/kds_3.0.0/toolchain/bin/../lib/gcc/arm-none-eabi/4.8.4/../../../../arm-none-eabi/lib/armv7e-m\libg_s.a(lib_a-nano-freer.o)
 .text          0x00000000        0x0 c:/freescale/kds_3.0.0/toolchain/bin/../lib/gcc/arm-none-eabi/4.8.4/../../../../arm-none-eabi/lib/armv7e-m\libg_s.a(lib_a-nano-mallocr.o)
 .data          0x00000000        0x0 c:/freescale/kds_3.0.0/toolchain/bin/../lib/gcc/arm-none-eabi/4.8.4/../../../../arm-none-eabi/lib/armv7e-m\libg_s.a(lib_a-nano-mallocr.o)
 .bss           0x00000000        0x0 c:/freescale/kds_3.0.0/toolchain/bin/../lib/gcc/arm-none-eabi/4.8.4/../../../../arm-none-eabi/lib/armv7e-m\libg_s.a(lib_a-nano-mallocr.o)
 .text          0x00000000        0x0 c:/freescale/kds_3.0.0/toolchain/bin/../lib/gcc/arm-none-eabi/4.8.4/../../../../arm-none-eabi/lib/armv7e-m\libg_s.a(lib_a-sbrkr.o)
 .data          0x00000000        0x0 c:/freescale/kds_3.0.0/toolchain/bin/../lib/gcc/arm-none-eabi/4.8.4/../../../../arm-none-eabi/lib/armv7e-m\libg_s.a(lib_a-sbrkr.o)
 .bss           0x00000000        0x0 c:/freescale/kds_3.0.0/toolchain/bin/../lib/gcc/arm-none-eabi/4.8.4/../../../../arm-none-eabi/lib/armv7e-m\libg_s.a(lib_a-sbrkr.o)
 .text          0x00000000        0x0 c:/freescale/kds_3.0.0/toolchain/bin/../lib/gcc/arm-none-eabi/4.8.4/../../../../arm-none-eabi/lib/armv7e-m\libg_s.a(lib_a-reent.o)
 .data          0x00000000        0x0 c:/freescale/kds_3.0.0/toolchain/bin/../lib/gcc/arm-none-eabi/4.8.4/../../../../arm-none-eabi/lib/armv7e-m\libg_s.a(lib_a-reent.o)
 .bss           0x00000000        0x0 c:/freescale/kds_3.0.0/toolchain/bin/../lib/gcc/arm-none-eabi/4.8.4/../../../../arm-none-eabi/lib/armv7e-m\libg_s.a(lib_a-reent.o)
 .text.cleanup_glue
                0x00000000       0x1a c:/freescale/kds_3.0.0/toolchain/bin/../lib/gcc/arm-none-eabi/4.8.4/../../../../arm-none-eabi/lib/armv7e-m\libg_s.a(lib_a-reent.o)
 .text._reclaim_reent
                0x00000000       0xbc c:/freescale/kds_3.0.0/toolchain/bin/../lib/gcc/arm-none-eabi/4.8.4/../../../../arm-none-eabi/lib/armv7e-m\libg_s.a(lib_a-reent.o)
 .text          0x00000000        0x0 c:/freescale/kds_3.0.0/toolchain/bin/../lib/gcc/arm-none-eabi/4.8.4/../../../../arm-none-eabi/lib/armv7e-m\libnosys.a(sbrk.o)
 .data          0x00000000        0x0 c:/freescale/kds_3.0.0/toolchain/bin/../lib/gcc/arm-none-eabi/4.8.4/../../../../arm-none-eabi/lib/armv7e-m\libnosys.a(sbrk.o)
 .bss           0x00000000        0x0 c:/freescale/kds_3.0.0/toolchain/bin/../lib/gcc/arm-none-eabi/4.8.4/../../../../arm-none-eabi/lib/armv7e-m\libnosys.a(sbrk.o)
 .text          0x00000000        0x0 c:/freescale/kds_3.0.0/toolchain/bin/../lib/gcc/arm-none-eabi/4.8.4/../../../../arm-none-eabi/lib/armv7e-m\libnosys.a(_exit.o)
 .data          0x00000000        0x0 c:/freescale/kds_3.0.0/toolchain/bin/../lib/gcc/arm-none-eabi/4.8.4/../../../../arm-none-eabi/lib/armv7e-m\libnosys.a(_exit.o)
 .bss           0x00000000        0x0 c:/freescale/kds_3.0.0/toolchain/bin/../lib/gcc/arm-none-eabi/4.8.4/../../../../arm-none-eabi/lib/armv7e-m\libnosys.a(_exit.o)
 .text          0x00000000        0x0 c:/freescale/kds_3.0.0/toolchain/bin/../lib/gcc/arm-none-eabi/4.8.4/armv7e-m/crtend.o
 .data          0x00000000        0x0 c:/freescale/kds_3.0.0/toolchain/bin/../lib/gcc/arm-none-eabi/4.8.4/armv7e-m/crtend.o
 .bss           0x00000000        0x0 c:/freescale/kds_3.0.0/toolchain/bin/../lib/gcc/arm-none-eabi/4.8.4/armv7e-m/crtend.o
 .eh_frame      0x00000000        0x4 c:/freescale/kds_3.0.0/toolchain/bin/../lib/gcc/arm-none-eabi/4.8.4/armv7e-m/crtend.o
 .text          0x00000000        0x0 c:/freescale/kds_3.0.0/toolchain/bin/../lib/gcc/arm-none-eabi/4.8.4/armv7e-m/crtn.o
 .data          0x00000000        0x0 c:/freescale/kds_3.0.0/toolchain/bin/../lib/gcc/arm-none-eabi/4.8.4/armv7e-m/crtn.o
 .bss           0x00000000        0x0 c:/freescale/kds_3.0.0/toolchain/bin/../lib/gcc/arm-none-eabi/4.8.4/armv7e-m/crtn.o

Memory Configuration

Name             Origin             Length             Attributes
m_interrupts     0x00000000         0x00000400         xr
m_flash_config   0x00000400         0x00000010         xr
m_text           0x00000410         0x0007fbf0         xr
m_data           0x1fff0000         0x00010000         rw
m_data_2         0x20000000         0x00010000         rw
*default*        0x00000000         0xffffffff

Linker script and memory map

LOAD c:/freescale/kds_3.0.0/toolchain/bin/../lib/gcc/arm-none-eabi/4.8.4/armv7e-m/crti.o
LOAD c:/freescale/kds_3.0.0/toolchain/bin/../lib/gcc/arm-none-eabi/4.8.4/armv7e-m/crtbegin.o
LOAD c:/freescale/kds_3.0.0/toolchain/bin/../lib/gcc/arm-none-eabi/4.8.4/../../../../arm-none-eabi/lib/armv7e-m/crt0.o
LOAD ./Sources/main.o
LOAD ./Sources/snake.o
LOAD ./Project_Settings/Startup_Code/startup_MK60D10.o
LOAD ./Project_Settings/Startup_Code/system_MK60D10.o
LOAD c:/freescale/kds_3.0.0/toolchain/bin/../lib/gcc/arm-none-eabi/4.8.4/../../../../arm-none-eabi/lib/armv7e-m\libstdc++_s.a
LOAD c:/freescale/kds_3.0.0/toolchain/bin/../lib/gcc/arm-none-eabi/4.8.4/../../../../arm-none-eabi/lib/armv7e-m\libm.a
START GROUP
LOAD c:/freescale/kds_3.0.0/toolchain/bin/../lib/gcc/arm-none-eabi/4.8.4/armv7e-m\libgcc.a
LOAD c:/freescale/kds_3.0.0/toolchain/bin/../lib/gcc/arm-none-eabi/4.8.4/../../../../arm-none-eabi/lib/armv7e-m\libg_s.a
LOAD c:/freescale/kds_3.0.0/toolchain/bin/../lib/gcc/arm-none-eabi/4.8.4/../../../../arm-none-eabi/lib/armv7e-m\libc_s.a
END GROUP
START GROUP
LOAD c:/freescale/kds_3.0.0/toolchain/bin/../lib/gcc/arm-none-eabi/4.8.4/armv7e-m\libgcc.a
LOAD c:/freescale/kds_3.0.0/toolchain/bin/../lib/gcc/arm-none-eabi/4.8.4/../../../../arm-none-eabi/lib/armv7e-m\libc_s.a
LOAD c:/freescale/kds_3.0.0/toolchain/bin/../lib/gcc/arm-none-eabi/4.8.4/../../../../arm-none-eabi/lib/armv7e-m\libnosys.a
END GROUP
START GROUP
LOAD c:/freescale/kds_3.0.0/toolchain/bin/../lib/gcc/arm-none-eabi/4.8.4/armv7e-m\libgcc.a
LOAD c:/freescale/kds_3.0.0/toolchain/bin/../lib/gcc/arm-none-eabi/4.8.4/../../../../arm-none-eabi/lib/armv7e-m\libc_s.a
LOAD c:/freescale/kds_3.0.0/toolchain/bin/../lib/gcc/arm-none-eabi/4.8.4/../../../../arm-none-eabi/lib/armv7e-m\libnosys.a
END GROUP
LOAD c:/freescale/kds_3.0.0/toolchain/bin/../lib/gcc/arm-none-eabi/4.8.4/armv7e-m/crtend.o
LOAD c:/freescale/kds_3.0.0/toolchain/bin/../lib/gcc/arm-none-eabi/4.8.4/armv7e-m/crtn.o
                0x00000400                HEAP_SIZE = DEFINED (__heap_size__)?__heap_size__:0x400
                0x00000400                STACK_SIZE = DEFINED (__stack_size__)?__stack_size__:0x400

.interrupts     0x00000000      0x400
                0x00000000                __VECTOR_TABLE = .
                0x00000000                . = ALIGN (0x4)
 *(.isr_vector)
 .isr_vector    0x00000000      0x400 ./Project_Settings/Startup_Code/startup_MK60D10.o
                0x00000000                __isr_vector
                0x00000400                . = ALIGN (0x4)

.flash_config   0x00000400       0x10
                0x00000400                . = ALIGN (0x4)
 *(.FlashConfig)
 .FlashConfig   0x00000400       0x10 ./Project_Settings/Startup_Code/startup_MK60D10.o
                0x00000410                . = ALIGN (0x4)

.text           0x00000410      0xe4c
                0x00000410                . = ALIGN (0x4)
 *(.text)
 .text          0x00000410       0x54 c:/freescale/kds_3.0.0/toolchain/bin/../lib/gcc/arm-none-eabi/4.8.4/armv7e-m/crtbegin.o
 .text          0x00000464       0x74 c:/freescale/kds_3.0.0/toolchain/bin/../lib/gcc/arm-none-eabi/4.8.4/../../../../arm-none-eabi/lib/armv7e-m/crt0.o
                0x00000464                _start
                0x00000464                _mainCRTStartup
 .text          0x000004d8       0x30 ./Project_Settings/Startup_Code/startup_MK60D10.o
                0x000004d8                Reset_Handler
                0x00000504                Reserved111_IRQHandler
                0x00000504                DebugMon_Handler
                0x00000504                I2C0_IRQHandler
                0x00000504                HardFault_Handler
                0x00000504                CAN1_ORed_Message_buffer_IRQHandler
                0x00000504                SysTick_Handler
                0x00000504                UART3_RX_TX_IRQHandler
                0x00000504                Reserved114_IRQHandler
                0x00000504                PendSV_Handler
                0x00000504                NMI_Handler
                0x00000504                UART0_RX_TX_IRQHandler
                0x00000504                I2C1_IRQHandler
                0x00000504                DMA2_IRQHandler
                0x00000504                Reserved59_IRQHandler
                0x00000504                ENET_Error_IRQHandler
                0x00000504                CAN0_Tx_Warning_IRQHandler
                0x00000504                Reserved119_IRQHandler
                0x00000504                CAN0_ORed_Message_buffer_IRQHandler
                0x00000504                CMP2_IRQHandler
                0x00000504                LLWU_IRQHandler
                0x00000504                Reserved116_IRQHandler
                0x00000504                TSI0_IRQHandler
                0x00000504                ENET_Receive_IRQHandler
                0x00000504                ENET_1588_Timer_IRQHandler
                0x00000504                CAN1_Error_IRQHandler
                0x00000504                UART2_RX_TX_IRQHandler
                0x00000504                SWI_IRQHandler
                0x00000504                ADC0_IRQHandler
                0x00000504                UsageFault_Handler
                0x00000504                I2S0_Tx_IRQHandler
                0x00000504                CMT_IRQHandler
                0x00000504                UART4_RX_TX_IRQHandler
                0x00000504                SPI1_IRQHandler
                0x00000504                DefaultISR
                0x00000504                DMA9_IRQHandler
                0x00000504                DMA14_IRQHandler
                0x00000504                CMP1_IRQHandler
                0x00000504                PORTD_IRQHandler
                0x00000504                PORTB_IRQHandler
                0x00000504                UART4_ERR_IRQHandler
                0x00000504                ADC1_IRQHandler
                0x00000504                PIT2_IRQHandler
                0x00000504                I2S0_Rx_IRQHandler
                0x00000504                DMA5_IRQHandler
                0x00000504                RTC_IRQHandler
                0x00000504                PDB0_IRQHandler
                0x00000504                CAN1_Bus_Off_IRQHandler
                0x00000504                CAN0_Rx_Warning_IRQHandler
                0x00000504                FTM1_IRQHandler
                0x00000504                UART5_RX_TX_IRQHandler
                0x00000504                Reserved95_IRQHandler
                0x00000504                UART3_ERR_IRQHandler
                0x00000504                PIT3_IRQHandler
                0x00000504                SDHC_IRQHandler
                0x00000504                RTC_Seconds_IRQHandler
                0x00000504                MCG_IRQHandler
                0x00000504                Reserved108_IRQHandler
                0x00000504                Reserved117_IRQHandler
                0x00000504                UART2_ERR_IRQHandler
                0x00000504                DMA11_IRQHandler
                0x00000504                UART5_ERR_IRQHandler
                0x00000504                Read_Collision_IRQHandler
                0x00000504                DMA7_IRQHandler
                0x00000504                Reserved102_IRQHandler
                0x00000504                ENET_Transmit_IRQHandler
                0x00000504                USBDCD_IRQHandler
                0x00000504                CAN1_Tx_Warning_IRQHandler
                0x00000504                USB0_IRQHandler
                0x00000504                SPI2_IRQHandler
                0x00000504                WDOG_EWM_IRQHandler
                0x00000504                MemManage_Handler
                0x00000504                CAN1_Rx_Warning_IRQHandler
                0x00000504                Reserved115_IRQHandler
                0x00000504                SVC_Handler
                0x00000504                CAN1_Wake_Up_IRQHandler
                0x00000504                Reserved109_IRQHandler
                0x00000504                DMA13_IRQHandler
                0x00000504                DMA3_IRQHandler
                0x00000504                UART0_LON_IRQHandler
                0x00000504                RNG_IRQHandler
                0x00000504                DMA0_IRQHandler
                0x00000504                DMA15_IRQHandler
                0x00000504                DAC0_IRQHandler
                0x00000504                Reserved118_IRQHandler
                0x00000504                CAN0_Error_IRQHandler
                0x00000504                Reserved112_IRQHandler
                0x00000504                DMA4_IRQHandler
                0x00000504                UART0_ERR_IRQHandler
                0x00000504                DMA_Error_IRQHandler
                0x00000504                LVD_LVW_IRQHandler
                0x00000504                SPI0_IRQHandler
                0x00000504                FTM0_IRQHandler
                0x00000504                PORTA_IRQHandler
                0x00000504                DAC1_IRQHandler
                0x00000504                MCM_IRQHandler
                0x00000504                DMA12_IRQHandler
                0x00000504                FTFL_IRQHandler
                0x00000504                CAN0_Bus_Off_IRQHandler
                0x00000504                FTM2_IRQHandler
                0x00000504                LPTMR0_IRQHandler
                0x00000504                BusFault_Handler
                0x00000504                DMA8_IRQHandler
                0x00000504                DMA10_IRQHandler
                0x00000504                CAN0_Wake_Up_IRQHandler
                0x00000504                UART1_ERR_IRQHandler
                0x00000504                UART1_RX_TX_IRQHandler
                0x00000504                CMP0_IRQHandler
                0x00000504                PORTC_IRQHandler
                0x00000504                DMA6_IRQHandler
                0x00000504                DMA1_IRQHandler
                0x00000504                Reserved113_IRQHandler
 *(.text*)
 .text.NVIC_EnableIRQ
                0x00000508       0x30 ./Sources/main.o
 .text.NVIC_ClearPendingIRQ
                0x00000538       0x34 ./Sources/main.o
 .text.MCUInit  0x0000056c       0x4c ./Sources/main.o
                0x0000056c                MCUInit
 .text.ButtonsInit
                0x000005b8       0x44 ./Sources/main.o
                0x000005b8                ButtonsInit
 .text.DisplayInit
                0x000005fc       0xd4 ./Sources/main.o
                0x000005fc                DisplayInit
 .text.PITInit  0x000006d0       0xb8 ./Sources/main.o
                0x000006d0                PITInit
 .text.delay    0x00000788       0x44 ./Sources/main.o
                0x00000788                delay
 .text.PIT0_IRQHandler
                0x000007cc      0x120 ./Sources/main.o
                0x000007cc                PIT0_IRQHandler
 .text.PIT1_IRQHandler
                0x000008ec       0x30 ./Sources/main.o
                0x000008ec                PIT1_IRQHandler
 .text.PORTE_IRQHandler
                0x0000091c       0xac ./Sources/main.o
                0x0000091c                PORTE_IRQHandler
 .text.main     0x000009c8       0x20 ./Sources/main.o
                0x000009c8                main
 .text.snake_game_init
                0x000009e8       0x98 ./Sources/snake.o
                0x000009e8                snake_game_init
 .text.snake_game_move
                0x00000a80      0x24c ./Sources/snake.o
                0x00000a80                snake_game_move
 .text.snake_game_get_col_as_nulls_and_zeros
                0x00000ccc       0x94 ./Sources/snake.o
                0x00000ccc                snake_game_get_col_as_nulls_and_zeros
 .text._get_random_free_point
                0x00000d60       0xe0 ./Sources/snake.o
                0x00000d60                _get_random_free_point
 .text._shuffle
                0x00000e40       0x74 ./Sources/snake.o
                0x00000e40                _shuffle
 .text._conv_state2direction
                0x00000eb4       0x48 ./Sources/snake.o
                0x00000eb4                _conv_state2direction
 .text._conv_direction2state
                0x00000efc       0x48 ./Sources/snake.o
                0x00000efc                _conv_direction2state
 .text._get_difference
                0x00000f44       0x68 ./Sources/snake.o
                0x00000f44                _get_difference
 .text.SystemInit
                0x00000fac       0x28 ./Project_Settings/Startup_Code/system_MK60D10.o
                0x00000fac                SystemInit
 .text.exit     0x00000fd4       0x28 c:/freescale/kds_3.0.0/toolchain/bin/../lib/gcc/arm-none-eabi/4.8.4/../../../../arm-none-eabi/lib/armv7e-m\libg_s.a(lib_a-exit.o)
                0x00000fd4                exit
 .text.__libc_init_array
                0x00000ffc       0x4c c:/freescale/kds_3.0.0/toolchain/bin/../lib/gcc/arm-none-eabi/4.8.4/../../../../arm-none-eabi/lib/armv7e-m\libg_s.a(lib_a-init.o)
                0x00000ffc                __libc_init_array
 .text.memset   0x00001048       0x10 c:/freescale/kds_3.0.0/toolchain/bin/../lib/gcc/arm-none-eabi/4.8.4/../../../../arm-none-eabi/lib/armv7e-m\libg_s.a(lib_a-memset.o)
                0x00001048                memset
 .text.rand     0x00001058       0x74 c:/freescale/kds_3.0.0/toolchain/bin/../lib/gcc/arm-none-eabi/4.8.4/../../../../arm-none-eabi/lib/armv7e-m\libg_s.a(lib_a-rand.o)
                0x00001058                rand
 .text.malloc   0x000010cc       0x10 c:/freescale/kds_3.0.0/toolchain/bin/../lib/gcc/arm-none-eabi/4.8.4/../../../../arm-none-eabi/lib/armv7e-m\libg_s.a(lib_a-malloc.o)
                0x000010cc                malloc
 .text._malloc_r
                0x000010dc       0xa8 c:/freescale/kds_3.0.0/toolchain/bin/../lib/gcc/arm-none-eabi/4.8.4/../../../../arm-none-eabi/lib/armv7e-m\libg_s.a(lib_a-nano-mallocr.o)
                0x000010dc                _malloc_r
 .text._sbrk_r  0x00001184       0x20 c:/freescale/kds_3.0.0/toolchain/bin/../lib/gcc/arm-none-eabi/4.8.4/../../../../arm-none-eabi/lib/armv7e-m\libg_s.a(lib_a-sbrkr.o)
                0x00001184                _sbrk_r
 .text._sbrk    0x000011a4       0x34 c:/freescale/kds_3.0.0/toolchain/bin/../lib/gcc/arm-none-eabi/4.8.4/../../../../arm-none-eabi/lib/armv7e-m\libnosys.a(sbrk.o)
                0x000011a4                _sbrk
 .text._exit    0x000011d8        0x4 c:/freescale/kds_3.0.0/toolchain/bin/../lib/gcc/arm-none-eabi/4.8.4/../../../../arm-none-eabi/lib/armv7e-m\libnosys.a(_exit.o)
                0x000011d8                _exit
 *(.rodata)
 .rodata        0x000011dc       0x60 ./Sources/snake.o
 *(.rodata*)
 .rodata.str1.1
                0x0000123c        0x2 c:/freescale/kds_3.0.0/toolchain/bin/../lib/gcc/arm-none-eabi/4.8.4/../../../../arm-none-eabi/lib/armv7e-m\libg_s.a(lib_a-impure.o)
 *fill*         0x0000123e        0x2 
 .rodata._global_impure_ptr
                0x00001240        0x4 c:/freescale/kds_3.0.0/toolchain/bin/../lib/gcc/arm-none-eabi/4.8.4/../../../../arm-none-eabi/lib/armv7e-m\libg_s.a(lib_a-impure.o)
                0x00001240                _global_impure_ptr
 *(.glue_7)
 .glue_7        0x00000000        0x0 linker stubs
 *(.glue_7t)
 .glue_7t       0x00000000        0x0 linker stubs
 *(.eh_frame)
 .eh_frame      0x00001244        0x0 c:/freescale/kds_3.0.0/toolchain/bin/../lib/gcc/arm-none-eabi/4.8.4/armv7e-m/crtbegin.o
 *(.init)
 .init          0x00001244        0x4 c:/freescale/kds_3.0.0/toolchain/bin/../lib/gcc/arm-none-eabi/4.8.4/armv7e-m/crti.o
                0x00001244                _init
 .init          0x00001248        0x8 c:/freescale/kds_3.0.0/toolchain/bin/../lib/gcc/arm-none-eabi/4.8.4/armv7e-m/crtn.o
 *(.fini)
 .fini          0x00001250        0x4 c:/freescale/kds_3.0.0/toolchain/bin/../lib/gcc/arm-none-eabi/4.8.4/armv7e-m/crti.o
                0x00001250                _fini
 .fini          0x00001254        0x8 c:/freescale/kds_3.0.0/toolchain/bin/../lib/gcc/arm-none-eabi/4.8.4/armv7e-m/crtn.o
                0x0000125c                . = ALIGN (0x4)

.vfp11_veneer   0x0000125c        0x0
 .vfp11_veneer  0x00000000        0x0 linker stubs

.v4_bx          0x0000125c        0x0
 .v4_bx         0x00000000        0x0 linker stubs

.iplt           0x0000125c        0x0
 .iplt          0x00000000        0x0 c:/freescale/kds_3.0.0/toolchain/bin/../lib/gcc/arm-none-eabi/4.8.4/armv7e-m/crtbegin.o

.ARM.extab
 *(.ARM.extab* .gnu.linkonce.armextab.*)

.ARM            0x0000125c        0x8
                0x0000125c                __exidx_start = .
 *(.ARM.exidx*)
 .ARM.exidx     0x0000125c        0x8 c:/freescale/kds_3.0.0/toolchain/bin/../lib/gcc/arm-none-eabi/4.8.4/../../../../arm-none-eabi/lib/armv7e-m/crt0.o
                0x00001264                __exidx_end = .

.rel.dyn        0x00001264        0x0
 .rel.iplt      0x00000000        0x0 c:/freescale/kds_3.0.0/toolchain/bin/../lib/gcc/arm-none-eabi/4.8.4/armv7e-m/crtbegin.o

.ctors          0x00001264        0x0
                0x00001264                __CTOR_LIST__ = .
 *crtbegin.o(.ctors)
 *crtbegin?.o(.ctors)
 *(EXCLUDE_FILE(*crtend.o *crtend?.o) .ctors)
 *(SORT(.ctors.*))
 *(.ctors)
                0x00001264                __CTOR_END__ = .

.dtors          0x00001264        0x0
                0x00001264                __DTOR_LIST__ = .
 *crtbegin.o(.dtors)
 *crtbegin?.o(.dtors)
 *(EXCLUDE_FILE(*crtend.o *crtend?.o) .dtors)
 *(SORT(.dtors.*))
 *(.dtors)
                0x00001264                __DTOR_END__ = .

.preinit_array  0x00001264        0x0
                0x00001264                PROVIDE (__preinit_array_start, .)
 *(.preinit_array*)
                0x00001264                PROVIDE (__preinit_array_end, .)

.init_array     0x00001264        0x4
                0x00001264                PROVIDE (__init_array_start, .)
 *(SORT(.init_array.*))
 *(.init_array*)
 .init_array    0x00001264        0x4 c:/freescale/kds_3.0.0/toolchain/bin/../lib/gcc/arm-none-eabi/4.8.4/armv7e-m/crtbegin.o
                0x00001268                PROVIDE (__init_array_end, .)

.fini_array     0x00001268        0x4
                0x00001268                PROVIDE (__fini_array_start, .)
 *(SORT(.fini_array.*))
 *(.fini_array*)
 .fini_array    0x00001268        0x4 c:/freescale/kds_3.0.0/toolchain/bin/../lib/gcc/arm-none-eabi/4.8.4/armv7e-m/crtbegin.o
                0x0000126c                PROVIDE (__fini_array_end, .)
                0x0000126c                __etext = .
                0x0000126c                __DATA_ROM = .

.data           0x1fff0000       0x6c load address 0x0000126c
                0x1fff0000                . = ALIGN (0x4)
                0x1fff0000                __DATA_RAM = .
                0x1fff0000                __data_start__ = .
 *(.data)
 *(.data*)
 .data.next_direction
                0x1fff0000        0x1 ./Sources/main.o
                0x1fff0000                next_direction
 *fill*         0x1fff0001        0x3 
 .data.impure_data
                0x1fff0004       0x60 c:/freescale/kds_3.0.0/toolchain/bin/../lib/gcc/arm-none-eabi/4.8.4/../../../../arm-none-eabi/lib/armv7e-m\libg_s.a(lib_a-impure.o)
 .data._impure_ptr
                0x1fff0064        0x4 c:/freescale/kds_3.0.0/toolchain/bin/../lib/gcc/arm-none-eabi/4.8.4/../../../../arm-none-eabi/lib/armv7e-m\libg_s.a(lib_a-impure.o)
                0x1fff0064                _impure_ptr
 *(.jcr*)
 .jcr           0x1fff0068        0x0 c:/freescale/kds_3.0.0/toolchain/bin/../lib/gcc/arm-none-eabi/4.8.4/armv7e-m/crtbegin.o
 .jcr           0x1fff0068        0x4 c:/freescale/kds_3.0.0/toolchain/bin/../lib/gcc/arm-none-eabi/4.8.4/armv7e-m/crtend.o
                0x1fff006c                . = ALIGN (0x4)
                0x1fff006c                __data_end__ = .
                0x000012d8                __DATA_END = (__DATA_ROM + (__data_end__ - __data_start__))

.igot.plt       0x1fff006c        0x0 load address 0x000012d8
 .igot.plt      0x00000000        0x0 c:/freescale/kds_3.0.0/toolchain/bin/../lib/gcc/arm-none-eabi/4.8.4/armv7e-m/crtbegin.o

.bss            0x1fff006c       0xc0 load address 0x000012d8
                0x1fff006c                . = ALIGN (0x4)
                0x1fff006c                __START_BSS = .
                0x1fff006c                __bss_start__ = .
 *(.bss)
 .bss           0x1fff006c       0x1c c:/freescale/kds_3.0.0/toolchain/bin/../lib/gcc/arm-none-eabi/4.8.4/armv7e-m/crtbegin.o
 *(.bss*)
 .bss.column_i  0x1fff0088        0x4 ./Sources/main.o
                0x1fff0088                column_i
 .bss.__malloc_sbrk_start
                0x1fff008c        0x4 c:/freescale/kds_3.0.0/toolchain/bin/../lib/gcc/arm-none-eabi/4.8.4/../../../../arm-none-eabi/lib/armv7e-m\libg_s.a(lib_a-nano-mallocr.o)
                0x1fff008c                __malloc_sbrk_start
 .bss.__malloc_free_list
                0x1fff0090        0x4 c:/freescale/kds_3.0.0/toolchain/bin/../lib/gcc/arm-none-eabi/4.8.4/../../../../arm-none-eabi/lib/armv7e-m\libg_s.a(lib_a-nano-mallocr.o)
                0x1fff0090                __malloc_free_list
 .bss.heap_end.4246
                0x1fff0094        0x4 c:/freescale/kds_3.0.0/toolchain/bin/../lib/gcc/arm-none-eabi/4.8.4/../../../../arm-none-eabi/lib/armv7e-m\libnosys.a(sbrk.o)
 *(COMMON)
 COMMON         0x1fff0098       0x90 ./Sources/main.o
                0x1fff0098                sgame
 COMMON         0x1fff0128        0x4 c:/freescale/kds_3.0.0/toolchain/bin/../lib/gcc/arm-none-eabi/4.8.4/../../../../arm-none-eabi/lib/armv7e-m\libg_s.a(lib_a-reent.o)
                0x1fff0128                errno
                0x1fff012c                . = ALIGN (0x4)
                0x1fff012c                __bss_end__ = .
                0x1fff012c                __END_BSS = .

.heap           0x20000000      0x400
                0x20000000                . = ALIGN (0x8)
                0x20000000                __end__ = .
                0x20000000                PROVIDE (end, .)
                0x20000000                __HeapBase = .
                0x20000400                . = (. + HEAP_SIZE)
 *fill*         0x20000000      0x400 
                0x20000400                __HeapLimit = .

.stack          0x20000400      0x400
                0x20000400                . = ALIGN (0x8)
                0x20000800                . = (. + STACK_SIZE)
 *fill*         0x20000400      0x400 
                0x20010000                __StackTop = (ORIGIN (m_data_2) + 0x10000)
                0x2000fc00                __StackLimit = (__StackTop - STACK_SIZE)
                0x20010000                PROVIDE (__stack, __StackTop)

.ARM.attributes
                0x00000000       0x2a
 *(.ARM.attributes)
 .ARM.attributes
                0x00000000       0x1e c:/freescale/kds_3.0.0/toolchain/bin/../lib/gcc/arm-none-eabi/4.8.4/armv7e-m/crti.o
 .ARM.attributes
                0x0000001e       0x2e c:/freescale/kds_3.0.0/toolchain/bin/../lib/gcc/arm-none-eabi/4.8.4/armv7e-m/crtbegin.o
 .ARM.attributes
                0x0000004c       0x1c c:/freescale/kds_3.0.0/toolchain/bin/../lib/gcc/arm-none-eabi/4.8.4/../../../../arm-none-eabi/lib/armv7e-m/crt0.o
 .ARM.attributes
                0x00000068       0x33 ./Sources/main.o
 .ARM.attributes
                0x0000009b       0x33 ./Sources/snake.o
 .ARM.attributes
                0x000000ce       0x1b ./Project_Settings/Startup_Code/startup_MK60D10.o
 .ARM.attributes
                0x000000e9       0x33 ./Project_Settings/Startup_Code/system_MK60D10.o
 .ARM.attributes
                0x0000011c       0x2e c:/freescale/kds_3.0.0/toolchain/bin/../lib/gcc/arm-none-eabi/4.8.4/../../../../arm-none-eabi/lib/armv7e-m\libg_s.a(lib_a-exit.o)
 .ARM.attributes
                0x0000014a       0x2e c:/freescale/kds_3.0.0/toolchain/bin/../lib/gcc/arm-none-eabi/4.8.4/../../../../arm-none-eabi/lib/armv7e-m\libg_s.a(lib_a-impure.o)
 .ARM.attributes
                0x00000178       0x2e c:/freescale/kds_3.0.0/toolchain/bin/../lib/gcc/arm-none-eabi/4.8.4/../../../../arm-none-eabi/lib/armv7e-m\libg_s.a(lib_a-init.o)
 .ARM.attributes
                0x000001a6       0x2e c:/freescale/kds_3.0.0/toolchain/bin/../lib/gcc/arm-none-eabi/4.8.4/../../../../arm-none-eabi/lib/armv7e-m\libg_s.a(lib_a-memset.o)
 .ARM.attributes
                0x000001d4       0x2e c:/freescale/kds_3.0.0/toolchain/bin/../lib/gcc/arm-none-eabi/4.8.4/../../../../arm-none-eabi/lib/armv7e-m\libg_s.a(lib_a-rand.o)
 .ARM.attributes
                0x00000202       0x2e c:/freescale/kds_3.0.0/toolchain/bin/../lib/gcc/arm-none-eabi/4.8.4/../../../../arm-none-eabi/lib/armv7e-m\libg_s.a(lib_a-malloc.o)
 .ARM.attributes
                0x00000230       0x2e c:/freescale/kds_3.0.0/toolchain/bin/../lib/gcc/arm-none-eabi/4.8.4/../../../../arm-none-eabi/lib/armv7e-m\libg_s.a(lib_a-nano-mallocr.o)
 .ARM.attributes
                0x0000025e       0x2e c:/freescale/kds_3.0.0/toolchain/bin/../lib/gcc/arm-none-eabi/4.8.4/../../../../arm-none-eabi/lib/armv7e-m\libg_s.a(lib_a-sbrkr.o)
 .ARM.attributes
                0x0000028c       0x2e c:/freescale/kds_3.0.0/toolchain/bin/../lib/gcc/arm-none-eabi/4.8.4/../../../../arm-none-eabi/lib/armv7e-m\libg_s.a(lib_a-reent.o)
 .ARM.attributes
                0x000002ba       0x2e c:/freescale/kds_3.0.0/toolchain/bin/../lib/gcc/arm-none-eabi/4.8.4/../../../../arm-none-eabi/lib/armv7e-m\libnosys.a(sbrk.o)
 .ARM.attributes
                0x000002e8       0x2e c:/freescale/kds_3.0.0/toolchain/bin/../lib/gcc/arm-none-eabi/4.8.4/../../../../arm-none-eabi/lib/armv7e-m\libnosys.a(_exit.o)
 .ARM.attributes
                0x00000316       0x2e c:/freescale/kds_3.0.0/toolchain/bin/../lib/gcc/arm-none-eabi/4.8.4/armv7e-m/crtend.o
 .ARM.attributes
                0x00000344       0x1e c:/freescale/kds_3.0.0/toolchain/bin/../lib/gcc/arm-none-eabi/4.8.4/armv7e-m/crtn.o
                0x00000001                ASSERT ((__StackLimit >= __HeapLimit), region m_data_2 overflowed with stack and heap)
OUTPUT(TestProject.elf elf32-littlearm)

.debug_info     0x00000000     0x15f9
 .debug_info    0x00000000      0xc7b ./Sources/main.o
 .debug_info    0x00000c7b      0x457 ./Sources/snake.o
 .debug_info    0x000010d2       0x8a ./Project_Settings/Startup_Code/startup_MK60D10.o
 .debug_info    0x0000115c      0x49d ./Project_Settings/Startup_Code/system_MK60D10.o

.debug_abbrev   0x00000000      0x49b
 .debug_abbrev  0x00000000      0x223 ./Sources/main.o
 .debug_abbrev  0x00000223      0x14a ./Sources/snake.o
 .debug_abbrev  0x0000036d       0x14 ./Project_Settings/Startup_Code/startup_MK60D10.o
 .debug_abbrev  0x00000381      0x11a ./Project_Settings/Startup_Code/system_MK60D10.o

.debug_aranges  0x00000000      0x110
 .debug_aranges
                0x00000000       0x70 ./Sources/main.o
 .debug_aranges
                0x00000070       0x58 ./Sources/snake.o
 .debug_aranges
                0x000000c8       0x20 ./Project_Settings/Startup_Code/startup_MK60D10.o
 .debug_aranges
                0x000000e8       0x28 ./Project_Settings/Startup_Code/system_MK60D10.o

.debug_ranges   0x00000000       0xc0
 .debug_ranges  0x00000000       0x60 ./Sources/main.o
 .debug_ranges  0x00000060       0x48 ./Sources/snake.o
 .debug_ranges  0x000000a8       0x18 ./Project_Settings/Startup_Code/system_MK60D10.o

.debug_macro    0x00000000    0x1a098
 .debug_macro   0x00000000      0x2a7 ./Sources/main.o
 .debug_macro   0x000002a7      0x84a ./Sources/main.o
 .debug_macro   0x00000af1       0x16 ./Sources/main.o
 .debug_macro   0x00000b07       0x16 ./Sources/main.o
 .debug_macro   0x00000b1d       0x44 ./Sources/main.o
 .debug_macro   0x00000b61      0x209 ./Sources/main.o
 .debug_macro   0x00000d6a       0x53 ./Sources/main.o
 .debug_macro   0x00000dbd       0x3b ./Sources/main.o
 .debug_macro   0x00000df8       0x2d ./Sources/main.o
 .debug_macro   0x00000e25       0x26 ./Sources/main.o
 .debug_macro   0x00000e4b      0xa99 ./Sources/main.o
 .debug_macro   0x000018e4       0x71 ./Sources/main.o
 .debug_macro   0x00001955    0x17cf8 ./Sources/main.o
 .debug_macro   0x0001964d       0x58 ./Sources/main.o
 .debug_macro   0x000196a5       0x35 ./Sources/main.o
 .debug_macro   0x000196da       0xa3 ./Sources/main.o
 .debug_macro   0x0001977d       0x16 ./Sources/main.o
 .debug_macro   0x00019793       0x97 ./Sources/main.o
 .debug_macro   0x0001982a       0x10 ./Sources/main.o
 .debug_macro   0x0001983a       0xef ./Sources/main.o
 .debug_macro   0x00019929       0x52 ./Sources/main.o
 .debug_macro   0x0001997b       0x16 ./Sources/main.o
 .debug_macro   0x00019991       0x43 ./Sources/main.o
 .debug_macro   0x000199d4      0x180 ./Sources/main.o
 .debug_macro   0x00019b54       0x10 ./Sources/main.o
 .debug_macro   0x00019b64       0x22 ./Sources/main.o
 .debug_macro   0x00019b86       0xbd ./Sources/main.o
 .debug_macro   0x00019c43       0x16 ./Sources/main.o
 .debug_macro   0x00019c59      0x14a ./Sources/main.o
 .debug_macro   0x00019da3       0x16 ./Sources/main.o
 .debug_macro   0x00019db9       0x35 ./Sources/main.o
 .debug_macro   0x00019dee       0x22 ./Sources/main.o
 .debug_macro   0x00019e10       0x22 ./Sources/main.o
 .debug_macro   0x00019e32      0x12f ./Sources/snake.o
 .debug_macro   0x00019f61       0x4a ./Sources/snake.o
 .debug_macro   0x00019fab       0x88 ./Project_Settings/Startup_Code/system_MK60D10.o
 .debug_macro   0x0001a033       0x65 ./Project_Settings/Startup_Code/system_MK60D10.o

.debug_line     0x00000000      0xa5c
 .debug_line    0x00000000      0x3fa ./Sources/main.o
 .debug_line    0x000003fa      0x385 ./Sources/snake.o
 .debug_line    0x0000077f       0x78 ./Project_Settings/Startup_Code/startup_MK60D10.o
 .debug_line    0x000007f7      0x265 ./Project_Settings/Startup_Code/system_MK60D10.o

.debug_str      0x00000000    0x93328
 .debug_str     0x00000000    0x9317b ./Sources/main.o
                              0x933c7 (size before relaxing)
 .debug_str     0x0009317b      0x136 ./Sources/snake.o
                               0x487a (size before relaxing)
 .debug_str     0x000932b1       0x77 ./Project_Settings/Startup_Code/system_MK60D10.o
                              0x9051a (size before relaxing)

.comment        0x00000000       0x70
 .comment       0x00000000       0x70 ./Sources/main.o
                                 0x71 (size before relaxing)
 .comment       0x00000000       0x71 ./Sources/snake.o
 .comment       0x00000000       0x71 ./Project_Settings/Startup_Code/system_MK60D10.o

.debug_frame    0x00000000      0x450
 .debug_frame   0x00000000      0x140 ./Sources/main.o
 .debug_frame   0x00000140      0x104 ./Sources/snake.o
 .debug_frame   0x00000244       0x44 ./Project_Settings/Startup_Code/system_MK60D10.o
 .debug_frame   0x00000288       0x28 c:/freescale/kds_3.0.0/toolchain/bin/../lib/gcc/arm-none-eabi/4.8.4/../../../../arm-none-eabi/lib/armv7e-m\libg_s.a(lib_a-exit.o)
 .debug_frame   0x000002b0       0x2c c:/freescale/kds_3.0.0/toolchain/bin/../lib/gcc/arm-none-eabi/4.8.4/../../../../arm-none-eabi/lib/armv7e-m\libg_s.a(lib_a-init.o)
 .debug_frame   0x000002dc       0x20 c:/freescale/kds_3.0.0/toolchain/bin/../lib/gcc/arm-none-eabi/4.8.4/../../../../arm-none-eabi/lib/armv7e-m\libg_s.a(lib_a-memset.o)
 .debug_frame   0x000002fc       0x44 c:/freescale/kds_3.0.0/toolchain/bin/../lib/gcc/arm-none-eabi/4.8.4/../../../../arm-none-eabi/lib/armv7e-m\libg_s.a(lib_a-rand.o)
 .debug_frame   0x00000340       0x30 c:/freescale/kds_3.0.0/toolchain/bin/../lib/gcc/arm-none-eabi/4.8.4/../../../../arm-none-eabi/lib/armv7e-m\libg_s.a(lib_a-malloc.o)
 .debug_frame   0x00000370       0x2c c:/freescale/kds_3.0.0/toolchain/bin/../lib/gcc/arm-none-eabi/4.8.4/../../../../arm-none-eabi/lib/armv7e-m\libg_s.a(lib_a-nano-mallocr.o)
 .debug_frame   0x0000039c       0x2c c:/freescale/kds_3.0.0/toolchain/bin/../lib/gcc/arm-none-eabi/4.8.4/../../../../arm-none-eabi/lib/armv7e-m\libg_s.a(lib_a-sbrkr.o)
 .debug_frame   0x000003c8       0x48 c:/freescale/kds_3.0.0/toolchain/bin/../lib/gcc/arm-none-eabi/4.8.4/../../../../arm-none-eabi/lib/armv7e-m\libg_s.a(lib_a-reent.o)
 .debug_frame   0x00000410       0x20 c:/freescale/kds_3.0.0/toolchain/bin/../lib/gcc/arm-none-eabi/4.8.4/../../../../arm-none-eabi/lib/armv7e-m\libnosys.a(sbrk.o)
 .debug_frame   0x00000430       0x20 c:/freescale/kds_3.0.0/toolchain/bin/../lib/gcc/arm-none-eabi/4.8.4/../../../../arm-none-eabi/lib/armv7e-m\libnosys.a(_exit.o)
